// Jest Snapshot v1, https://goo.gl/fbAQLP

exports[`Game shows a app 1`] = `
<div
  className="App"
>
  <header
    className="App-header"
  >
    <img
      alt="logo"
      className="App-logo"
      src="goldenTx.jpg"
    />
    <h1
      className="App-title"
    >
      The Wonka Tour
    </h1>
    <h2>
       Your Inventory: 
       
    </h2>
  </header>
  <Candyshop
    handleInventory={[Function]}
    inventory={Array []}
  />
  <button
    id="nextButton"
    onClick={[Function]}
  >
    Next room 
  </button>
</div>
`;
